// Jest Snapshot v1, https://goo.gl/fbAQLP

exports[`renders correctly 1`] = `
<FeatureImagePage
  date="7 december 2018"
  image={
    Object {
      "testUri": "../../../assets/featureEvent.jpg",
    }
  }
  title="Bedrijfsborrel"
>
  <Component
    style={
      Object {
        "color": "#5e5e82",
        "fontFamily": "RobotoCondensed-Bold",
        "fontSize": 20,
        "margin": 10,
      }
    }
  >
    Bedrijfsborrel
  </Component>
  <ListItem
    icon="info"
  >
    <ListItemText>
      De maandelijkse borrel staat weer op ...
    </ListItemText>
  </ListItem>
  <ListItem
    icon="phone"
  >
    <ListItemText>
      +31 6 36 50 11 91
    </ListItemText>
  </ListItem>
  <ListItem
    contentStyle={
      Object {
        "flex": 1,
        "flexDirection": "row",
      }
    }
  >
    <ScrollView
      horizontal={true}
    >
      <Component
        source={
          Object {
            "testUri": "../../../assets/event1.jpg",
          }
        }
        style={
          Object {
            "borderRadius": 5,
            "height": 120,
            "margin": 5,
            "shadowColor": "#484848",
            "shadowOffset": Object {
              "height": 5,
            },
            "shadowOpacity": 0.1,
            "shadowRadius": 5,
            "width": 120,
          }
        }
      />
      <Component
        source={
          Object {
            "testUri": "../../../assets/event2.jpg",
          }
        }
        style={
          Object {
            "borderRadius": 5,
            "height": 120,
            "margin": 5,
            "shadowColor": "#484848",
            "shadowOffset": Object {
              "height": 5,
            },
            "shadowOpacity": 0.1,
            "shadowRadius": 5,
            "width": 120,
          }
        }
      />
      <Component
        source={
          Object {
            "testUri": "../../../assets/event3.jpg",
          }
        }
        style={
          Object {
            "borderRadius": 5,
            "height": 120,
            "margin": 5,
            "shadowColor": "#484848",
            "shadowOffset": Object {
              "height": 5,
            },
            "shadowOpacity": 0.1,
            "shadowRadius": 5,
            "width": 120,
          }
        }
      />
    </ScrollView>
  </ListItem>
</FeatureImagePage>
`;
